[0.010s] Invoking command in '/home/michael/ros2_ws/build/testarm': /usr/bin/cmake --build /home/michael/ros2_ws/build/testarm -- -j14 -l14
[0.026s] -- Found ament_cmake: 1.3.5 (/opt/ros/humble/share/ament_cmake/cmake)
[0.132s] -- Found ament_lint_auto: 0.12.7 (/opt/ros/humble/share/ament_lint_auto/cmake)
[0.172s] Error parsing '/home/michael/ros2_ws/src/testarm/package.xml':
[0.206s] Traceback (most recent call last):
[0.206s]   File "/usr/lib/python3/dist-packages/catkin_pkg/package.py", line 610, in parse_package_string
[0.207s]     root = dom.parseString(data)
[0.207s]   File "/usr/lib/python3.10/xml/dom/minidom.py", line 2000, in parseString
[0.208s]     return expatbuilder.parseString(string)
[0.208s]   File "/usr/lib/python3.10/xml/dom/expatbuilder.py", line 925, in parseString
[0.209s]     return builder.parseString(string)
[0.209s]   File "/usr/lib/python3.10/xml/dom/expatbuilder.py", line 223, in parseString
[0.209s]     parser.Parse(string, True)
[0.209s] xml.parsers.expat.ExpatError: mismatched tag: line 18, column 4
[0.209s] 
[0.209s] During handling of the above exception, another exception occurred:
[0.209s] 
[0.209s] Traceback (most recent call last):
[0.209s]   File "/opt/ros/humble/share/ament_cmake_core/cmake/core/package_xml_2_cmake.py", line 150, in <module>
[0.209s]     main()
[0.209s]   File "/opt/ros/humble/share/ament_cmake_core/cmake/core/package_xml_2_cmake.py", line 53, in main
[0.209s]     raise e
[0.209s]   File "/opt/ros/humble/share/ament_cmake_core/cmake/core/package_xml_2_cmake.py", line 49, in main
[0.209s]     package = parse_package_string(
[0.209s]   File "/usr/lib/python3/dist-packages/catkin_pkg/package.py", line 612, in parse_package_string
[0.209s]     raise InvalidPackage('The manifest contains invalid XML:\n%s' % ex, filename)
[0.209s] catkin_pkg.package.InvalidPackage: Error(s) in package '/home/michael/ros2_ws/src/testarm/package.xml':
[0.209s] The manifest contains invalid XML:
[0.209s] mismatched tag: line 18, column 4
[0.221s] [31mCMake Error at /opt/ros/humble/share/ament_cmake_core/cmake/core/ament_package_xml.cmake:95 (message):
[0.221s]   execute_process(/usr/bin/python3.10
[0.221s]   /opt/ros/humble/share/ament_cmake_core/cmake/core/package_xml_2_cmake.py
[0.221s]   /home/michael/ros2_ws/src/testarm/package.xml
[0.221s]   /home/michael/ros2_ws/build/testarm/ament_cmake_core/package.cmake)
[0.221s]   returned error code 1
[0.221s] Call Stack (most recent call first):
[0.221s]   /opt/ros/humble/share/ament_cmake_core/cmake/core/ament_package_xml.cmake:49 (_ament_package_xml)
[0.221s]   /opt/ros/humble/share/ament_lint_auto/cmake/ament_lint_auto_find_test_dependencies.cmake:31 (ament_package_xml)
[0.221s]   CMakeLists.txt:23 (ament_lint_auto_find_test_dependencies)
[0.221s] 
[0.221s] [0m
[0.221s] -- Configuring incomplete, errors occurred!
[0.221s] See also "/home/michael/ros2_ws/build/testarm/CMakeFiles/CMakeOutput.log".
[0.223s] gmake: *** [Makefile:226: cmake_check_build_system] Error 1
[0.224s] Invoked command in '/home/michael/ros2_ws/build/testarm' returned '2': /usr/bin/cmake --build /home/michael/ros2_ws/build/testarm -- -j14 -l14
