[0.000000] (-) TimerEvent: {}
[0.000489] (testarm) JobQueued: {'identifier': 'testarm', 'dependencies': OrderedDict()}
[0.000862] (testarm) JobStarted: {'identifier': 'testarm'}
[0.007931] (testarm) JobProgress: {'identifier': 'testarm', 'progress': 'cmake'}
[0.008822] (testarm) JobProgress: {'identifier': 'testarm', 'progress': 'build'}
[0.008875] (testarm) Command: {'cmd': ['/usr/bin/cmake', '--build', '/home/michael/ros2_ws/build/testarm', '--', '-j14', '-l14'], 'cwd': '/home/michael/ros2_ws/build/testarm', 'env': OrderedDict([('LESSOPEN', '| /usr/bin/lesspipe %s'), ('USER', 'michael'), ('XDG_SESSION_TYPE', 'wayland'), ('SHLVL', '1'), ('LD_LIBRARY_PATH', '/usr/lib/x86_64-linux-gnu/gazebo-11/plugins:/opt/ros/humble/opt/rviz_ogre_vendor/lib:/opt/ros/humble/lib/x86_64-linux-gnu:/opt/ros/humble/lib'), ('HOME', '/home/michael'), ('OLDPWD', '/home/michael/ros2_ws/src'), ('DESKTOP_SESSION', 'ubuntu'), ('ROS_PYTHON_VERSION', '3'), ('GNOME_SHELL_SESSION_MODE', 'ubuntu'), ('GTK_MODULES', 'gail:atk-bridge'), ('SYSTEMD_EXEC_PID', '1874'), ('DBUS_SESSION_BUS_ADDRESS', 'unix:path=/run/user/1000/bus'), ('COLORTERM', 'truecolor'), ('IM_CONFIG_PHASE', '1'), ('WAYLAND_DISPLAY', 'wayland-0'), ('COLCON_PREFIX_PATH', '/home/michael/ros2_ws/install'), ('ROS_DISTRO', 'humble'), ('LOGNAME', 'michael'), ('_', '/usr/bin/colcon'), ('ROS_VERSION', '2'), ('XDG_SESSION_CLASS', 'user'), ('USERNAME', 'michael'), ('TERM', 'xterm-256color'), ('GAZEBO_MODEL_PATH', ':/opt/ros/humble/share/model_arm/models'), ('GNOME_DESKTOP_SESSION_ID', 'this-is-deprecated'), ('ROS_LOCALHOST_ONLY', '0'), ('PATH', '/opt/ros/humble/bin:/usr/local/sbin:/usr/local/bin:/usr/sbin:/usr/bin:/sbin:/bin:/usr/games:/usr/local/games:/snap/bin:/snap/bin'), ('SESSION_MANAGER', 'local/michael-VirtualBox:@/tmp/.ICE-unix/1854,unix/michael-VirtualBox:/tmp/.ICE-unix/1854'), ('XDG_MENU_PREFIX', 'gnome-'), ('GNOME_TERMINAL_SCREEN', '/org/gnome/Terminal/screen/a2cac26c_56d1_45b2_815b_09b450e7d832'), ('GNOME_SETUP_DISPLAY', ':1'), ('XDG_RUNTIME_DIR', '/run/user/1000'), ('DISPLAY', ':0'), ('LANG', 'en_US.UTF-8'), ('XDG_CURRENT_DESKTOP', 'ubuntu:GNOME'), ('XMODIFIERS', '@im=ibus'), ('XDG_SESSION_DESKTOP', 'ubuntu'), ('XAUTHORITY', '/run/user/1000/.mutter-Xwaylandauth.24OO91'), ('LS_COLORS', 'rs=0:di=01;34:ln=01;36:mh=00:pi=40;33:so=01;35:do=01;35:bd=40;33;01:cd=40;33;01:or=40;31;01:mi=00:su=37;41:sg=30;43:ca=30;41:tw=30;42:ow=34;42:st=37;44:ex=01;32:*.tar=01;31:*.tgz=01;31:*.arc=01;31:*.arj=01;31:*.taz=01;31:*.lha=01;31:*.lz4=01;31:*.lzh=01;31:*.lzma=01;31:*.tlz=01;31:*.txz=01;31:*.tzo=01;31:*.t7z=01;31:*.zip=01;31:*.z=01;31:*.dz=01;31:*.gz=01;31:*.lrz=01;31:*.lz=01;31:*.lzo=01;31:*.xz=01;31:*.zst=01;31:*.tzst=01;31:*.bz2=01;31:*.bz=01;31:*.tbz=01;31:*.tbz2=01;31:*.tz=01;31:*.deb=01;31:*.rpm=01;31:*.jar=01;31:*.war=01;31:*.ear=01;31:*.sar=01;31:*.rar=01;31:*.alz=01;31:*.ace=01;31:*.zoo=01;31:*.cpio=01;31:*.7z=01;31:*.rz=01;31:*.cab=01;31:*.wim=01;31:*.swm=01;31:*.dwm=01;31:*.esd=01;31:*.jpg=01;35:*.jpeg=01;35:*.mjpg=01;35:*.mjpeg=01;35:*.gif=01;35:*.bmp=01;35:*.pbm=01;35:*.pgm=01;35:*.ppm=01;35:*.tga=01;35:*.xbm=01;35:*.xpm=01;35:*.tif=01;35:*.tiff=01;35:*.png=01;35:*.svg=01;35:*.svgz=01;35:*.mng=01;35:*.pcx=01;35:*.mov=01;35:*.mpg=01;35:*.mpeg=01;35:*.m2v=01;35:*.mkv=01;35:*.webm=01;35:*.webp=01;35:*.ogm=01;35:*.mp4=01;35:*.m4v=01;35:*.mp4v=01;35:*.vob=01;35:*.qt=01;35:*.nuv=01;35:*.wmv=01;35:*.asf=01;35:*.rm=01;35:*.rmvb=01;35:*.flc=01;35:*.avi=01;35:*.fli=01;35:*.flv=01;35:*.gl=01;35:*.dl=01;35:*.xcf=01;35:*.xwd=01;35:*.yuv=01;35:*.cgm=01;35:*.emf=01;35:*.ogv=01;35:*.ogx=01;35:*.aac=00;36:*.au=00;36:*.flac=00;36:*.m4a=00;36:*.mid=00;36:*.midi=00;36:*.mka=00;36:*.mp3=00;36:*.mpc=00;36:*.ogg=00;36:*.ra=00;36:*.wav=00;36:*.oga=00;36:*.opus=00;36:*.spx=00;36:*.xspf=00;36:'), ('GNOME_TERMINAL_SERVICE', ':1.328'), ('SSH_AGENT_LAUNCHER', 'gnome-keyring'), ('SSH_AUTH_SOCK', '/run/user/1000/keyring/ssh'), ('AMENT_PREFIX_PATH', '/home/michael/ros2_ws/install/testarm:/home/michael/ros2_ws/install/model_arm:/opt/ros/humble'), ('SHELL', '/bin/bash'), ('QT_ACCESSIBILITY', '1'), ('GDMSESSION', 'ubuntu'), ('LESSCLOSE', '/usr/bin/lesspipe %s %s'), ('QT_IM_MODULE', 'ibus'), ('PWD', '/home/michael/ros2_ws/build/testarm'), ('XDG_CONFIG_DIRS', '/etc/xdg/xdg-ubuntu:/etc/xdg'), ('XDG_DATA_DIRS', '/usr/share/ubuntu:/usr/local/share/:/usr/share/:/var/lib/snapd/desktop'), ('PYTHONPATH', '/home/michael/ros2_ws/install/model_arm/lib/python3.10/site-packages:/opt/ros/humble/lib/python3.10/site-packages:/opt/ros/humble/local/lib/python3.10/dist-packages'), ('COLCON', '1'), ('VTE_VERSION', '6800'), ('CMAKE_PREFIX_PATH', '/home/michael/ros2_ws/install/testarm')]), 'shell': False}
[0.026222] (testarm) StdoutLine: {'line': b'-- Found ament_cmake: 1.3.5 (/opt/ros/humble/share/ament_cmake/cmake)\n'}
[0.101660] (-) TimerEvent: {}
[0.132961] (testarm) StdoutLine: {'line': b'-- Found ament_lint_auto: 0.12.7 (/opt/ros/humble/share/ament_lint_auto/cmake)\n'}
[0.172642] (testarm) StderrLine: {'line': b"Error parsing '/home/michael/ros2_ws/src/testarm/package.xml':\n"}
[0.206638] (-) TimerEvent: {}
[0.206970] (testarm) StderrLine: {'line': b'Traceback (most recent call last):\n'}
[0.207097] (testarm) StderrLine: {'line': b'  File "/usr/lib/python3/dist-packages/catkin_pkg/package.py", line 610, in parse_package_string\n'}
[0.208112] (testarm) StderrLine: {'line': b'    root = dom.parseString(data)\n'}
[0.208213] (testarm) StderrLine: {'line': b'  File "/usr/lib/python3.10/xml/dom/minidom.py", line 2000, in parseString\n'}
[0.208830] (testarm) StderrLine: {'line': b'    return expatbuilder.parseString(string)\n'}
[0.208910] (testarm) StderrLine: {'line': b'  File "/usr/lib/python3.10/xml/dom/expatbuilder.py", line 925, in parseString\n'}
[0.209368] (testarm) StderrLine: {'line': b'    return builder.parseString(string)\n'}
[0.209505] (testarm) StderrLine: {'line': b'  File "/usr/lib/python3.10/xml/dom/expatbuilder.py", line 223, in parseString\n'}
[0.209602] (testarm) StderrLine: {'line': b'    parser.Parse(string, True)\n'}
[0.209643] (testarm) StderrLine: {'line': b'xml.parsers.expat.ExpatError: mismatched tag: line 18, column 4\n'}
[0.209677] (testarm) StderrLine: {'line': b'\n'}
[0.209707] (testarm) StderrLine: {'line': b'During handling of the above exception, another exception occurred:\n'}
[0.209736] (testarm) StderrLine: {'line': b'\n'}
[0.209764] (testarm) StderrLine: {'line': b'Traceback (most recent call last):\n'}
[0.209795] (testarm) StderrLine: {'line': b'  File "/opt/ros/humble/share/ament_cmake_core/cmake/core/package_xml_2_cmake.py", line 150, in <module>\n'}
[0.209824] (testarm) StderrLine: {'line': b'    main()\n'}
[0.209853] (testarm) StderrLine: {'line': b'  File "/opt/ros/humble/share/ament_cmake_core/cmake/core/package_xml_2_cmake.py", line 53, in main\n'}
[0.209884] (testarm) StderrLine: {'line': b'    raise e\n'}
[0.209972] (testarm) StderrLine: {'line': b'  File "/opt/ros/humble/share/ament_cmake_core/cmake/core/package_xml_2_cmake.py", line 49, in main\n'}
[0.210016] (testarm) StderrLine: {'line': b'    package = parse_package_string(\n'}
[0.210047] (testarm) StderrLine: {'line': b'  File "/usr/lib/python3/dist-packages/catkin_pkg/package.py", line 612, in parse_package_string\n'}
[0.210078] (testarm) StderrLine: {'line': b"    raise InvalidPackage('The manifest contains invalid XML:\\n%s' % ex, filename)\n"}
[0.210109] (testarm) StderrLine: {'line': b"catkin_pkg.package.InvalidPackage: Error(s) in package '/home/michael/ros2_ws/src/testarm/package.xml':\n"}
[0.210139] (testarm) StderrLine: {'line': b'The manifest contains invalid XML:\n'}
[0.210169] (testarm) StderrLine: {'line': b'mismatched tag: line 18, column 4\n'}
[0.221404] (testarm) StderrLine: {'line': b'\x1b[31mCMake Error at /opt/ros/humble/share/ament_cmake_core/cmake/core/ament_package_xml.cmake:95 (message):\n'}
[0.221591] (testarm) StderrLine: {'line': b'  execute_process(/usr/bin/python3.10\n'}
[0.221636] (testarm) StderrLine: {'line': b'  /opt/ros/humble/share/ament_cmake_core/cmake/core/package_xml_2_cmake.py\n'}
[0.221676] (testarm) StderrLine: {'line': b'  /home/michael/ros2_ws/src/testarm/package.xml\n'}
[0.221711] (testarm) StderrLine: {'line': b'  /home/michael/ros2_ws/build/testarm/ament_cmake_core/package.cmake)\n'}
[0.221749] (testarm) StderrLine: {'line': b'  returned error code 1\n'}
[0.221779] (testarm) StderrLine: {'line': b'Call Stack (most recent call first):\n'}
[0.221809] (testarm) StderrLine: {'line': b'  /opt/ros/humble/share/ament_cmake_core/cmake/core/ament_package_xml.cmake:49 (_ament_package_xml)\n'}
[0.221839] (testarm) StderrLine: {'line': b'  /opt/ros/humble/share/ament_lint_auto/cmake/ament_lint_auto_find_test_dependencies.cmake:31 (ament_package_xml)\n'}
[0.221867] (testarm) StderrLine: {'line': b'  CMakeLists.txt:23 (ament_lint_auto_find_test_dependencies)\n'}
[0.221895] (testarm) StderrLine: {'line': b'\n'}
[0.221921] (testarm) StderrLine: {'line': b'\x1b[0m\n'}
[0.221949] (testarm) StdoutLine: {'line': b'-- Configuring incomplete, errors occurred!\n'}
[0.221985] (testarm) StdoutLine: {'line': b'See also "/home/michael/ros2_ws/build/testarm/CMakeFiles/CMakeOutput.log".\n'}
[0.223469] (testarm) StderrLine: {'line': b'gmake: *** [Makefile:226: cmake_check_build_system] Error 1\n'}
[0.225136] (testarm) CommandEnded: {'returncode': 2}
[0.225367] (testarm) JobEnded: {'identifier': 'testarm', 'rc': 2}
[0.236249] (-) EventReactorShutdown: {}
